// Jest Snapshot v1, https://goo.gl/fbAQLP

exports[`Should render the home page to screen 1`] = `
<div>
  <div
    class="home-page"
  >
    <button
      aria-label="Navigate to create a to-do"
      class="home-page__create-button"
    >
      <svg
        aria-hidden="true"
        class="svg-inline--fa fa-circle-plus "
        data-icon="circle-plus"
        data-prefix="fas"
        focusable="false"
        role="img"
        viewBox="0 0 512 512"
        xmlns="http://www.w3.org/2000/svg"
      >
        <path
          d="M256 512c141.4 0 256-114.6 256-256S397.4 0 256 0S0 114.6 0 256S114.6 512 256 512zM232 344V280H168c-13.3 0-24-10.7-24-24s10.7-24 24-24h64V168c0-13.3 10.7-24 24-24s24 10.7 24 24v64h64c13.3 0 24 10.7 24 24s-10.7 24-24 24H280v64c0 13.3-10.7 24-24 24s-24-10.7-24-24z"
          fill="currentColor"
        />
      </svg>
    </button>
    <div
      class="empty-list"
    >
      <p
        class="empty-list__message"
      >
        Oh nooo! There appears to be nothing to do today. Why don't you add something to your list? ☝️
      </p>
      <img
        alt="Yikes nothing to do"
        class="empty-list__img"
        src="no-work.gif"
      />
    </div>
  </div>
</div>
`;
