// Jest Snapshot v1, https://goo.gl/fbAQLP

exports[`Should render a form to screen 1`] = `undefined`;
