// Jest Snapshot v1, https://goo.gl/fbAQLP

exports[`Should render the each To Do Card to screen 1`] = `undefined`;
